[INFO] Scanning for projects...
[WARNING] 
[WARNING] Some problems were encountered while building the effective model for com.ma:dlp:jar:0.0.1-SNAPSHOT
[WARNING] 'dependencies.dependency.(groupId:artifactId:type:classifier)' must be unique: org.springframework.boot:spring-boot-starter-websocket:jar -> duplicate declaration of version (?) @ line 113, column 15
[WARNING] 
[WARNING] It is highly recommended to fix these problems because they threaten the stability of your build.
[WARNING] 
[WARNING] For this reason, future Maven versions might no longer support building such malformed projects.
[WARNING] 
[INFO] 
[INFO] -----------------------------< com.ma:dlp >-----------------------------
[INFO] Building dlp 0.0.1-SNAPSHOT
[INFO]   from pom.xml
[INFO] --------------------------------[ jar ]---------------------------------
[WARNING] The artifact mysql:mysql-connector-java:jar:8.0.33 has been relocated to com.mysql:mysql-connector-j:jar:8.0.33: MySQL Connector/J artifacts moved to reverse-DNS compliant Maven 2+ coordinates.
[INFO] 
[INFO] --- clean:3.4.1:clean (default-clean) @ dlp ---
[INFO] Deleting C:\Users\saurabhgupta\Downloads\forsaurabh\forsaurabh\dlp\target
[INFO] 
[INFO] --- resources:3.3.1:resources (default-resources) @ dlp ---
[INFO] Copying 2 resources from src\main\resources to target\classes
[INFO] Copying 410 resources from src\main\resources to target\classes
[INFO] 
[INFO] --- compiler:3.14.0:compile (default-compile) @ dlp ---
[INFO] Recompiling the module because of changed source code.
[INFO] Compiling 178 source files with javac [debug parameters release 17] to target\classes
[INFO] /C:/Users/saurabhgupta/Downloads/forsaurabh/forsaurabh/dlp/src/main/java/com/ma/dlp/config/SecurityConfig.java: C:\Users\saurabhgupta\Downloads\forsaurabh\forsaurabh\dlp\src\main\java\com\ma\dlp\config\SecurityConfig.java uses or overrides a deprecated API.
[INFO] /C:/Users/saurabhgupta/Downloads/forsaurabh/forsaurabh/dlp/src/main/java/com/ma/dlp/config/SecurityConfig.java: Recompile with -Xlint:deprecation for details.
[INFO] /C:/Users/saurabhgupta/Downloads/forsaurabh/forsaurabh/dlp/src/main/java/com/ma/dlp/service/PythonClientService.java: Some input files use unchecked or unsafe operations.
[INFO] /C:/Users/saurabhgupta/Downloads/forsaurabh/forsaurabh/dlp/src/main/java/com/ma/dlp/service/PythonClientService.java: Recompile with -Xlint:unchecked for details.
[INFO] -------------------------------------------------------------
[WARNING] COMPILATION WARNING : 
[INFO] -------------------------------------------------------------
[WARNING] /C:/Users/saurabhgupta/Downloads/forsaurabh/forsaurabh/dlp/src/main/java/com/ma/dlp/config/StartupListener.java:[12,1] Field 'log' already exists.
[WARNING] /C:/Users/saurabhgupta/Downloads/forsaurabh/forsaurabh/dlp/src/main/java/com/ma/dlp/controller/FilePolicyController.java:[23,1] Field 'log' already exists.
[WARNING] /C:/Users/saurabhgupta/Downloads/forsaurabh/forsaurabh/dlp/src/main/java/com/ma/dlp/controller/GlobalExceptionHandler.java:[11,1] Field 'log' already exists.
[WARNING] /C:/Users/saurabhgupta/Downloads/forsaurabh/forsaurabh/dlp/src/main/java/com/ma/dlp/controller/WebSocketController.java:[22,1] Field 'log' already exists.
[WARNING] /C:/Users/saurabhgupta/Downloads/forsaurabh/forsaurabh/dlp/src/main/java/com/ma/dlp/controller/ExplorerController.java:[20,1] Field 'log' already exists.
[WARNING] /C:/Users/saurabhgupta/Downloads/forsaurabh/forsaurabh/dlp/src/main/java/com/ma/dlp/config/SecurityConfig.java:[444,51] org.springframework.security.web.util.matcher.AntPathRequestMatcher in org.springframework.security.web.util.matcher has been deprecated and marked for removal
[INFO] 6 warnings 
[INFO] -------------------------------------------------------------
[INFO] -------------------------------------------------------------
[ERROR] COMPILATION ERROR : 
[INFO] -------------------------------------------------------------
[ERROR] /C:/Users/saurabhgupta/Downloads/forsaurabh/forsaurabh/dlp/src/main/java/com/ma/dlp/service/BlockedUrlService.java:[311,55] package User does not exist
[ERROR] /C:/Users/saurabhgupta/Downloads/forsaurabh/forsaurabh/dlp/src/main/java/com/ma/dlp/service/PartialAccessService.java:[444,55] package User does not exist
[INFO] 2 errors 
[INFO] -------------------------------------------------------------
[INFO] ------------------------------------------------------------------------
[INFO] BUILD FAILURE
[INFO] ------------------------------------------------------------------------
[INFO] Total time:  12.827 s
[INFO] Finished at: 2026-02-25T17:09:11+05:30
[INFO] ------------------------------------------------------------------------
[ERROR] Failed to execute goal org.apache.maven.plugins:maven-compiler-plugin:3.14.0:compile (default-compile) on project dlp: Compilation failure: Compilation failure: 
[ERROR] /C:/Users/saurabhgupta/Downloads/forsaurabh/forsaurabh/dlp/src/main/java/com/ma/dlp/service/BlockedUrlService.java:[311,55] package User does not exist
[ERROR] /C:/Users/saurabhgupta/Downloads/forsaurabh/forsaurabh/dlp/src/main/java/com/ma/dlp/service/PartialAccessService.java:[444,55] package User does not exist
[ERROR] -> [Help 1]
[ERROR] 
[ERROR] To see the full stack trace of the errors, re-run Maven with the -e switch.
[ERROR] Re-run Maven using the -X switch to enable full debug logging.
[ERROR] 
[ERROR] For more information about the errors and possible solutions, please read the following articles:
[ERROR] [Help 1] http://cwiki.apache.org/confluence/display/MAVEN/MojoFailureException
